Loading weights:   0%|          | 0/2076 [00:00<?, ?it/s]Loading weights:   6%|▋         | 132/2076 [00:00<00:01, 1315.23it/s]Loading weights:  19%|█▉        | 393/2076 [00:00<00:00, 2075.31it/s]Loading weights:  33%|███▎      | 685/2076 [00:00<00:00, 2459.77it/s]Loading weights:  45%|████▍     | 932/2076 [00:01<00:02, 384.75it/s] Loading weights:  52%|█████▏    | 1088/2076 [00:02<00:02, 397.98it/s]Loading weights:  58%|█████▊    | 1204/2076 [00:02<00:02, 410.73it/s]Loading weights:  62%|██████▏   | 1296/2076 [00:02<00:01, 403.92it/s]Loading weights:  66%|██████▌   | 1371/2076 [00:02<00:01, 407.44it/s]Loading weights:  69%|██████▉   | 1436/2076 [00:02<00:01, 432.59it/s]Loading weights:  85%|████████▍ | 1763/2076 [00:03<00:00, 863.62it/s]Loading weights: 100%|██████████| 2076/2076 [00:03<00:00, 669.71it/s]
Traceback (most recent call last):
  File "/tmp/rllm-alpha-orthogonal-20260718/training/run_psim_d8_rllm2_source_feature_seal.py", line 1651, in <module>
    main()
  File "/tmp/rllm-alpha-orthogonal-20260718/training/run_psim_d8_rllm2_source_feature_seal.py", line 1633, in main
    payload = run_stage(resume=args.resume)
  File "/tmp/rllm-alpha-orthogonal-20260718/training/run_psim_d8_rllm2_source_feature_seal.py", line 1500, in run_stage
    arrays = _process_shard(
  File "/tmp/rllm-alpha-orthogonal-20260718/training/run_psim_d8_rllm2_source_feature_seal.py", line 917, in _process_shard
    vector, policy_tokens = scorer.embed(str(row["policy_prompt"]))
  File "/tmp/rllm-alpha-orthogonal-20260718/training/run_psim_d8_rllm2_source_feature_seal.py", line 827, in embed
    outputs = self.model.model(
  File "/tmp/rllm-alpha-orthogonal-20260718/.venv/lib/python3.10/site-packages/torch/nn/modules/module.py", line 1775, in _wrapped_call_impl
    return self._call_impl(*args, **kwargs)
  File "/tmp/rllm-alpha-orthogonal-20260718/.venv/lib/python3.10/site-packages/torch/nn/modules/module.py", line 1786, in _call_impl
    return forward_call(*args, **kwargs)
  File "/tmp/rllm-alpha-orthogonal-20260718/.venv/lib/python3.10/site-packages/transformers/utils/generic.py", line 976, in wrapper
    output = func(self, *args, **kwargs)
  File "/tmp/rllm-alpha-orthogonal-20260718/.venv/lib/python3.10/site-packages/transformers/utils/generic.py", line 900, in wrapper
    output = func(self, *args, **kwargs)
  File "/tmp/rllm-alpha-orthogonal-20260718/.venv/lib/python3.10/site-packages/transformers/models/gemma4/modeling_gemma4.py", line 2373, in forward
    outputs = self.language_model(
  File "/tmp/rllm-alpha-orthogonal-20260718/.venv/lib/python3.10/site-packages/torch/nn/modules/module.py", line 1775, in _wrapped_call_impl
    return self._call_impl(*args, **kwargs)
  File "/tmp/rllm-alpha-orthogonal-20260718/.venv/lib/python3.10/site-packages/torch/nn/modules/module.py", line 1786, in _call_impl
    return forward_call(*args, **kwargs)
  File "/tmp/rllm-alpha-orthogonal-20260718/.venv/lib/python3.10/site-packages/transformers/utils/generic.py", line 976, in wrapper
    output = func(self, *args, **kwargs)
  File "/tmp/rllm-alpha-orthogonal-20260718/.venv/lib/python3.10/site-packages/transformers/utils/output_capturing.py", line 248, in wrapper
    outputs = func(self, *args, **kwargs)
  File "/tmp/rllm-alpha-orthogonal-20260718/.venv/lib/python3.10/site-packages/transformers/models/gemma4/modeling_gemma4.py", line 1674, in forward
    hidden_states = decoder_layer(
  File "/tmp/rllm-alpha-orthogonal-20260718/.venv/lib/python3.10/site-packages/transformers/modeling_layers.py", line 93, in __call__
    return super().__call__(*args, **kwargs)
  File "/tmp/rllm-alpha-orthogonal-20260718/.venv/lib/python3.10/site-packages/torch/nn/modules/module.py", line 1775, in _wrapped_call_impl
    return self._call_impl(*args, **kwargs)
  File "/tmp/rllm-alpha-orthogonal-20260718/.venv/lib/python3.10/site-packages/torch/nn/modules/module.py", line 1786, in _call_impl
    return forward_call(*args, **kwargs)
  File "/tmp/rllm-alpha-orthogonal-20260718/.venv/lib/python3.10/site-packages/transformers/models/gemma4/modeling_gemma4.py", line 1378, in forward
    hidden_states, _ = self.self_attn(
  File "/tmp/rllm-alpha-orthogonal-20260718/.venv/lib/python3.10/site-packages/torch/nn/modules/module.py", line 1775, in _wrapped_call_impl
    return self._call_impl(*args, **kwargs)
  File "/tmp/rllm-alpha-orthogonal-20260718/.venv/lib/python3.10/site-packages/torch/nn/modules/module.py", line 1786, in _call_impl
    return forward_call(*args, **kwargs)
  File "/tmp/rllm-alpha-orthogonal-20260718/.venv/lib/python3.10/site-packages/transformers/models/gemma4/modeling_gemma4.py", line 1242, in forward
    attn_output, attn_weights = attention_interface(
  File "/tmp/rllm-alpha-orthogonal-20260718/.venv/lib/python3.10/site-packages/transformers/integrations/sdpa_attention.py", line 92, in sdpa_attention_forward
    attn_output = torch.nn.functional.scaled_dot_product_attention(
torch.OutOfMemoryError: CUDA out of memory. Tried to allocate 6.59 GiB. GPU 0 has a total capacity of 31.84 GiB of which 0 bytes is free. Including non-PyTorch memory, this process has 17179869184.00 GiB memory in use. Of the allocated memory 69.70 GiB is allocated by PyTorch, and 3.01 GiB is reserved by PyTorch but unallocated. If reserved but unallocated memory is large try setting PYTORCH_CUDA_ALLOC_CONF=expandable_segments:True to avoid fragmentation.  See documentation for Memory Management  (https://pytorch.org/docs/stable/notes/cuda.html#environment-variables)
Command exited with non-zero status 1

elapsed=5:25.04 maxrss_kb=17126844 exit=1
