Loading weights:   0%|          | 0/2076 [00:00<?, ?it/s]Loading weights:   7%|▋         | 144/2076 [00:00<00:01, 1433.36it/s]Loading weights:  20%|█▉        | 406/2076 [00:00<00:00, 2116.19it/s]Loading weights:  34%|███▎      | 697/2076 [00:00<00:00, 2467.99it/s]Loading weights:  45%|████▌     | 944/2076 [00:01<00:02, 384.22it/s] Loading weights:  53%|█████▎    | 1100/2076 [00:02<00:02, 390.83it/s]Loading weights:  59%|█████▊    | 1215/2076 [00:02<00:02, 401.20it/s]Loading weights:  63%|██████▎   | 1306/2076 [00:02<00:01, 396.71it/s]Loading weights:  66%|██████▋   | 1380/2076 [00:02<00:01, 391.93it/s]Loading weights:  69%|██████▉   | 1442/2076 [00:02<00:01, 419.19it/s]Loading weights:  83%|████████▎ | 1725/2076 [00:03<00:00, 779.34it/s]Loading weights: 100%|██████████| 2076/2076 [00:03<00:00, 1256.39it/s]Loading weights: 100%|██████████| 2076/2076 [00:03<00:00, 656.04it/s] 
{
  "decision": "pass",
  "result_hash": "8debfe4b37a6be1f65b306cce5b1408bf21a01a7f316254e4b42c2529a851ce3",
  "statistics": {
    "bitcoin": {
      "accuracy": 0.078125,
      "bonferroni_reject_below": 0.0033333333333333335,
      "chance": 0.125,
      "memorization_rejected": false,
      "one_sided_exact_p": 0.915007790571787,
      "successes": 5,
      "trials": 64
    },
    "combined": {
      "accuracy": 0.1171875,
      "bonferroni_reject_below": 0.0033333333333333335,
      "chance": 0.125,
      "memorization_rejected": false,
      "one_sided_exact_p": 0.6450678052449308,
      "successes": 15,
      "trials": 128
    },
    "ethereum": {
      "accuracy": 0.15625,
      "bonferroni_reject_below": 0.0033333333333333335,
      "chance": 0.125,
      "memorization_rejected": false,
      "one_sided_exact_p": 0.27462604008264896,
      "successes": 10,
      "trials": 64
    }
  },
  "terminal_action": "ACCEPT_PSIM_D8_RLLM2_BASE_MEMORIZATION_GATE_SOURCE_FEATURES_ONLY"
}
