completed BTCUSDT 2021-03: rows=31
completed BTCUSDT 2020-12: rows=31
completed BTCUSDT 2021-01: rows=31
completed BTCUSDT 2021-05: rows=31
completed BTCUSDT 2021-04: rows=30
completed BTCUSDT 2021-06: rows=30
completed BTCUSDT 2021-02: rows=28
completed BTCUSDT 2020-11: rows=30
completed BTCUSDT 2021-08: rows=31
completed BTCUSDT 2021-09: rows=30
completed BTCUSDT 2021-07: rows=31
completed BTCUSDT 2021-11: rows=30
completed BTCUSDT 2021-10: rows=31
completed BTCUSDT 2022-02: rows=28
completed BTCUSDT 2021-12: rows=31
completed BTCUSDT 2022-01: rows=31
completed BTCUSDT 2022-03: rows=31
completed BTCUSDT 2022-04: rows=30
completed BTCUSDT 2022-06: rows=30
completed BTCUSDT 2022-07: rows=31
completed BTCUSDT 2022-08: rows=31
completed BTCUSDT 2022-05: rows=31
completed BTCUSDT 2022-10: rows=31
completed BTCUSDT 2022-09: rows=30
completed BTCUSDT 2022-11: rows=30
completed BTCUSDT 2022-12: rows=31
completed BTCUSDT 2023-01: rows=31
completed BTCUSDT 2023-02: rows=28
completed BTCUSDT 2023-04: rows=30
completed BTCUSDT 2023-05: rows=31
completed BTCUSDT 2023-06: rows=30
completed BTCUSDT 2023-07: rows=31
completed BTCUSDT 2023-09: rows=30
completed BTCUSDT 2023-10: rows=31
completed BTCUSDT 2023-11: rows=30
completed BTCUSDT 2023-08: rows=31
completed BTCUSDT 2023-12: rows=31
completed BTCEUR 2020-11: rows=30
completed BTCEUR 2021-02: rows=28
completed BTCEUR 2021-03: rows=31
completed BTCEUR 2021-04: rows=30
completed BTCEUR 2020-12: rows=31
completed BTCEUR 2021-01: rows=31
completed BTCEUR 2021-05: rows=31
completed BTCEUR 2021-06: rows=30
completed BTCEUR 2021-07: rows=31
completed BTCEUR 2021-09: rows=30
completed BTCEUR 2021-08: rows=31
completed BTCEUR 2021-10: rows=31
completed BTCEUR 2021-11: rows=30
completed BTCEUR 2021-12: rows=31
completed BTCEUR 2022-03: rows=31
completed BTCEUR 2022-01: rows=31
completed BTCEUR 2022-05: rows=31
completed BTCEUR 2022-02: rows=28
completed BTCUSDT 2023-03: rows=31
completed BTCEUR 2022-04: rows=30
completed BTCEUR 2022-06: rows=30
completed BTCEUR 2022-08: rows=31
completed BTCEUR 2022-12: rows=31
completed BTCEUR 2022-11: rows=30
completed BTCEUR 2022-07: rows=31
completed BTCEUR 2022-09: rows=30
completed BTCEUR 2022-10: rows=31
completed BTCEUR 2023-01: rows=31
completed BTCEUR 2023-02: rows=28
completed BTCEUR 2023-03: rows=31
completed BTCEUR 2023-04: rows=30
completed BTCEUR 2023-07: rows=31
completed BTCEUR 2023-06: rows=30
completed BTCEUR 2023-08: rows=31
completed BTCEUR 2023-05: rows=31
completed BTCEUR 2023-09: rows=30
completed BTCEUR 2023-11: rows=30
completed BTCEUR 2023-10: rows=31
completed BTCTRY 2020-12: rows=31
completed BTCTRY 2021-01: rows=31
completed BTCTRY 2021-02: rows=28
completed BTCEUR 2023-12: rows=31
completed BTCTRY 2020-11: rows=30
completed BTCTRY 2021-05: rows=31
completed BTCTRY 2021-04: rows=30
completed BTCTRY 2021-07: rows=31
completed BTCTRY 2021-08: rows=31
completed BTCTRY 2021-11: rows=30
completed BTCTRY 2021-06: rows=30
completed BTCTRY 2021-12: rows=31
completed BTCTRY 2021-09: rows=30
completed BTCTRY 2021-10: rows=31
completed BTCTRY 2022-02: rows=28
completed BTCTRY 2022-03: rows=31
completed BTCTRY 2022-01: rows=31
completed BTCTRY 2022-04: rows=30
completed BTCTRY 2022-06: rows=30
completed BTCTRY 2022-05: rows=31
completed BTCTRY 2022-07: rows=31
completed BTCTRY 2022-08: rows=31
completed BTCTRY 2022-09: rows=30
completed BTCTRY 2022-10: rows=31
completed BTCTRY 2022-11: rows=30
completed BTCTRY 2023-01: rows=31
completed BTCTRY 2022-12: rows=31
completed BTCTRY 2023-03: rows=31
completed BTCTRY 2023-02: rows=28
completed BTCTRY 2023-05: rows=31
completed BTCTRY 2023-04: rows=30
completed BTCTRY 2023-07: rows=31
completed BTCTRY 2023-06: rows=30
completed BTCTRY 2023-08: rows=31
completed BTCTRY 2021-03: rows=31
completed BTCTRY 2023-10: rows=31
completed BTCTRY 2023-09: rows=30
completed BTCTRY 2023-11: rows=30
completed BTCTRY 2023-12: rows=31
completed BTCBRL 2020-11: rows=30
completed BTCBRL 2020-12: rows=31
completed BTCBRL 2021-01: rows=31
completed BTCBRL 2021-02: rows=28
completed BTCBRL 2021-04: rows=30
completed BTCBRL 2021-03: rows=31
completed BTCBRL 2021-05: rows=31
completed BTCBRL 2021-08: rows=31
completed BTCBRL 2021-06: rows=30
completed BTCBRL 2021-07: rows=31
completed BTCBRL 2021-09: rows=30
completed BTCBRL 2021-10: rows=31
completed BTCBRL 2021-11: rows=30
completed BTCBRL 2021-12: rows=31
completed BTCBRL 2022-01: rows=31
completed BTCBRL 2022-04: rows=30
completed BTCBRL 2022-05: rows=31
completed BTCBRL 2022-02: rows=28
completed BTCBRL 2022-07: rows=31
completed BTCBRL 2022-08: rows=31
completed BTCBRL 2022-06: rows=30
completed BTCBRL 2022-09: rows=30
completed BTCBRL 2022-10: rows=31
completed BTCBRL 2022-11: rows=30
completed BTCBRL 2022-12: rows=31
completed BTCBRL 2023-02: rows=28
completed BTCBRL 2023-03: rows=31
completed BTCBRL 2023-01: rows=31
completed BTCBRL 2023-05: rows=31
completed BTCBRL 2023-06: rows=30
completed BTCBRL 2023-07: rows=31
completed BTCBRL 2023-04: rows=30
completed BTCBRL 2023-09: rows=30
completed BTCBRL 2023-08: rows=31
completed BTCBRL 2023-10: rows=31
completed BTCBRL 2023-12: rows=31
completed BTCBRL 2023-11: rows=30
completed BTCBRL 2022-03: rows=31
{
  "combined_output": "data/binance_regional_fiat_cross_rate_btc_2020-11_2023/BTC_regional_fiat_cross_rate_1d_2020-11-01_2023-12-31.csv.gz",
  "combined_sha256": "5dbc697c8299ac892295a01302e9f2d883a6e252c8d3d85a8f60f3a369b533d3",
  "rows": 1156,
  "complete_rows": 1156,
  "first_date": "2020-11-01",
  "last_date": "2023-12-31",
  "symbols": [
    "BTCUSDT",
    "BTCEUR",
    "BTCTRY",
    "BTCBRL"
  ]
}
